881 942 907 808 942 
1454 1394 1348 1372 1406 
[GC (Allocation Failure)  262144K->5624K(1005056K), 0.0312000 secs]
1938 [GC (Allocation Failure)  262144K->5720K(1005056K), 0.0236420 secs]
1892 [GC (Allocation Failure)  262144K->5688K(1005056K), 0.0269021 secs]
1828 1877 1929 [GC (Allocation Failure)  262144K->360K(1005056K), 0.0070578 secs]

[GC (Allocation Failure)  262144K->7608K(1005056K), 0.0348395 secs]
1952 [GC (Allocation Failure)  262144K->7800K(1005056K), 0.0335811 secs]
1935 [GC (Allocation Failure)  262144K->7576K(1005056K), 0.0180811 secs]
2102 [GC (Allocation Failure)  262144K->7864K(1005056K), 0.0185533 secs]
2046 [GC (Allocation Failure)  262144K->7768K(1005056K), 0.0364156 secs]
2009 
[GC (Allocation Failure)  262144K->9720K(1005056K), 0.0275156 secs]
2417 [GC (Allocation Failure)  262144K->9656K(1005056K), 0.0350666 secs]
2425 [GC (Allocation Failure)  262144K->9816K(1005056K), 0.0392179 secs]
2124 [GC (Allocation Failure)  262144K->9736K(1005056K), 0.0205575 secs]
2332 [GC (Allocation Failure)  262144K->9816K(1005056K), 0.0328753 secs]
2108 
[GC (Allocation Failure)  262144K->11880K(1005056K), 0.0238781 secs]
2086 [GC (Allocation Failure)  262144K->11864K(1005056K), 0.0254789 secs]
2166 [GC (Allocation Failure)  262144K->11816K(1005056K), 0.0291576 secs]
2436 [GC (Allocation Failure)  262144K->11832K(1005056K), 0.0225303 secs]
2082 [GC (Allocation Failure)  262144K->11864K(1005056K), 0.0303074 secs]
2040 
[GC (Allocation Failure)  262144K->13992K(1005056K), 0.0150163 secs]
2036 [GC (Allocation Failure)  262144K->13832K(1005056K), 0.0306057 secs]
2035 [GC (Allocation Failure)  262144K->13864K(1005056K), 0.0159026 secs]
2093 [GC (Allocation Failure)  262144K->13768K(1005056K), 0.0524390 secs]
1713 [GC (Allocation Failure)  262144K->13976K(1005056K), 0.0268789 secs]
2081 
[GC (Allocation Failure)  262144K->16040K(1005056K), 0.0393839 secs]
2204 [GC (Allocation Failure)  262144K->17992K(1005056K), 0.0265353 secs]
2209 [GC (Allocation Failure)  262144K->15944K(1005056K), 0.0384092 secs]
1901 [GC (Allocation Failure)  262144K->15784K(1005056K), 0.0248719 secs]
1960 [GC (Allocation Failure)  262144K->15800K(1005056K), 0.0600643 secs]
1906 
[GC (Allocation Failure)  262144K->18104K(1005056K), 0.0226453 secs]
2027 [GC (Allocation Failure)  262144K->18040K(1005056K), 0.0335050 secs]
1825 [GC (Allocation Failure)  262144K->18072K(1005056K), 0.0390035 secs]
1863 [GC (Allocation Failure)  262144K->17992K(1005056K), 0.0376153 secs]
1957 [GC (Allocation Failure)  262144K->17928K(1005056K), 0.0462851 secs]
1820 
[GC (Allocation Failure)  262144K->20024K(1005056K), 0.0382192 secs]
2018 [GC (Allocation Failure)  262144K->19976K(1005056K), 0.0437361 secs]
1612 2284 2162 [GC (Allocation Failure)  262144K->20024K(1005056K), 0.0345279 secs]
1814 
[GC (Allocation Failure)  262144K->21960K(1005056K), 0.0289866 secs]
2088 [GC (Allocation Failure)  262144K->22184K(1005056K), 0.0371726 secs]
2275 [GC (Allocation Failure)  262144K->22104K(1005056K), 0.0258716 secs]
1878 [GC (Allocation Failure)  262144K->22016K(1005056K), 0.0570226 secs]
1811 [GC (Allocation Failure)  262144K->22056K(1005056K), 0.0456610 secs]
2196 
[GC (Allocation Failure)  262144K->23976K(1005056K), 0.0435817 secs]
1909 [GC (Allocation Failure)  262144K->24248K(1005056K), 0.0339008 secs]
2184 [GC (Allocation Failure)  262144K->24200K(1005056K), 0.0360869 secs]
1767 [GC (Allocation Failure)  262144K->24168K(1005056K), 0.0607217 secs]
1840 [GC (Allocation Failure)  262144K->24192K(1005056K), 0.0377705 secs]
1902 
[GC (Allocation Failure)  262144K->26104K(1005056K), 0.0464802 secs]
1920 [GC (Allocation Failure)  262144K->26088K(1005056K), 0.0601182 secs]
1783 [GC (Allocation Failure)  262144K->26216K(1005056K), 0.0224284 secs]
2195 [GC (Allocation Failure)  262144K->26232K(1005056K), 0.0255172 secs]
1778 [GC (Allocation Failure)  262144K->26248K(1005056K), 0.0361498 secs]
1836 
[GC (Allocation Failure)  262144K->28344K(1005056K), 0.0355700 secs]
2137 [GC (Allocation Failure)  262144K->28296K(1005056K), 0.0338221 secs]
1942 [GC (Allocation Failure)  262144K->28312K(1005056K), 0.0420034 secs]
1532 [GC (Allocation Failure)  262144K->28232K(1005056K), 0.0303412 secs]
1729 [GC (Allocation Failure)  262144K->28312K(1005056K), 0.0322895 secs]
1876 
[GC (Allocation Failure)  262144K->30368K(1005056K), 0.0394509 secs]
2100 [GC (Allocation Failure)  262144K->30360K(1005056K), 0.0304552 secs]
1330 [GC (Allocation Failure)  262144K->30392K(1005056K), 0.0386543 secs]
1902 [GC (Allocation Failure)  262144K->30360K(1005056K), 0.0235182 secs]
1618 [GC (Allocation Failure)  262144K->30248K(1005056K), 0.0439886 secs]
1851 
[GC (Allocation Failure)  262144K->32296K(1005056K), 0.0520306 secs]
1703 [GC (Allocation Failure)  262144K->32360K(1005056K), 0.0524466 secs]
1908 [GC (Allocation Failure)  262144K->32296K(1005056K), 0.0413215 secs]
1883 [GC (Allocation Failure)  262144K->32424K(1005056K), 0.0366868 secs]
1662 [GC (Allocation Failure)  262144K->32328K(1005056K), 0.0552557 secs]
2175 
[GC (Allocation Failure)  262144K->34472K(1005056K), 0.0573016 secs]
1844 [GC (Allocation Failure)  262144K->34440K(1005056K), 0.0446899 secs]
1653 [GC (Allocation Failure)  262144K->34472K(1005056K), 0.0300867 secs]
1690 [GC (Allocation Failure)  262144K->34376K(1005056K), 0.0537305 secs]
1554 [GC (Allocation Failure)  262144K->34504K(1005056K), 0.0390974 secs]
1694 
881 914 882 863 791 
1620 1448 1553 1627 1709 
2826 2654 2842 2740 2738 
3349 3040 2936 3226 3052 
3765 3149 3379 3998 3386 
3904 3315 3426 3363 4077 
3336 3057 3438 3713 4084 
4048 3816 3197 3958 3849 
3796 3342 4292 3597 4006 
4201 2313 2856 3441 3933 
3669 2823 3999 4131 3721 
2415 4088 2479 4205 2436 
3543 3823 3372 3163 3958 
4055 3629 3512 3880 2004 
3489 3822 4421 3525 3428 
2868 3589 806 4015 3491 
3398 3608 3745 3412 2872 
